ArrayIndexOutOfBoundsError: index too large
===========================================================
255