ArrayIndexOutOfBoundsError: negative index
===========================================================
255