enter an integer to echo
1
===========================================================
0