input an integer to continue...
===========================================================
0