Change n
Should print "Change n" once before.
===========================================================
0