max value = 17
===========================================================
0