min value = 10
===========================================================
0