flip b!
end of loop
===========================================================
0