end of loop
===========================================================
0