NullReferenceError: dereference a null reference
===========================================================
255