false
true
true
true
false
false
===========================================================
0