false
false
true
===========================================================
0