362880
128
===========================================================
128