true
true
false
===========================================================
0