DivideByZeroError: divide or modulo by zero
===========================================================
255