list = {1, 2, 4, 11}
===========================================================
0