0x22150 = ((nil),(nil))
===========================================================
0