0x22150 = (10, a)
===========================================================
0