An example integer is 189
===========================================================
0