A simple character example is f
===========================================================
0