An escaped character example is "
===========================================================
0