True is true
False is false
===========================================================
0