hello world!
Hello world!
Hi!
===========================================================
0