Please input an integer: You input: 0
===========================================================
0